../Core/Src/main.c:84:6:MPU6050_Soft_Reset	32	static
../Core/Src/main.c:90:13:warning	32	static
../Core/Src/main.c:125:5:main	344	static
../Core/Src/main.c:238:6:SystemClock_Config	72	static
../Core/Src/main.c:278:13:MX_I2C1_Init	8	static
../Core/Src/main.c:312:13:MX_SPI1_Init	8	static
../Core/Src/main.c:350:13:MX_USART1_UART_Init	8	static
../Core/Src/main.c:383:13:MX_GPIO_Init	40	static
../Core/Src/main.c:401:1:__io_putchar	16	static
../Core/Src/main.c:415:6:Error_Handler	4	static,ignoring_inline_asm
