../Core/Src/main.c:85:6:MPU6050_Soft_Reset	32	static
../Core/Src/main.c:91:13:warning	32	static
../Core/Src/main.c:128:5:main	128	static
../Core/Src/main.c:239:6:SystemClock_Config	72	static
../Core/Src/main.c:279:13:MX_I2C1_Init	8	static
../Core/Src/main.c:313:13:MX_SPI1_Init	8	static
../Core/Src/main.c:351:13:MX_USART1_UART_Init	8	static
../Core/Src/main.c:384:13:MX_GPIO_Init	40	static
../Core/Src/main.c:402:1:__io_putchar	16	static
../Core/Src/main.c:416:6:Error_Handler	4	static,ignoring_inline_asm
